// Jest Snapshot v1, https://goo.gl/fbAQLP

exports[`renders correctly 1`] = `
<h4
  id="quote"
>
  ""
</h4>
`;
